
23. Executing CHECK pass (checking for obvious problems).
Checking module dff_ram...
Warning: Wire dff_ram.\r_data [71] is used but has no driver.
Warning: Wire dff_ram.\r_data [70] is used but has no driver.
Warning: Wire dff_ram.\r_data [69] is used but has no driver.
Warning: Wire dff_ram.\r_data [68] is used but has no driver.
Warning: Wire dff_ram.\r_data [67] is used but has no driver.
Warning: Wire dff_ram.\r_data [66] is used but has no driver.
Warning: Wire dff_ram.\r_data [65] is used but has no driver.
Warning: Wire dff_ram.\r_data [64] is used but has no driver.
Warning: Wire dff_ram.\r_data [63] is used but has no driver.
Warning: Wire dff_ram.\r_data [62] is used but has no driver.
Warning: Wire dff_ram.\r_data [61] is used but has no driver.
Warning: Wire dff_ram.\r_data [60] is used but has no driver.
Warning: Wire dff_ram.\r_data [59] is used but has no driver.
Warning: Wire dff_ram.\r_data [58] is used but has no driver.
Warning: Wire dff_ram.\r_data [57] is used but has no driver.
Warning: Wire dff_ram.\r_data [56] is used but has no driver.
Warning: Wire dff_ram.\r_data [55] is used but has no driver.
Warning: Wire dff_ram.\r_data [54] is used but has no driver.
Warning: Wire dff_ram.\r_data [53] is used but has no driver.
Warning: Wire dff_ram.\r_data [52] is used but has no driver.
Warning: Wire dff_ram.\r_data [51] is used but has no driver.
Warning: Wire dff_ram.\r_data [50] is used but has no driver.
Warning: Wire dff_ram.\r_data [49] is used but has no driver.
Warning: Wire dff_ram.\r_data [48] is used but has no driver.
Warning: Wire dff_ram.\r_data [47] is used but has no driver.
Warning: Wire dff_ram.\r_data [46] is used but has no driver.
Warning: Wire dff_ram.\r_data [45] is used but has no driver.
Warning: Wire dff_ram.\r_data [44] is used but has no driver.
Warning: Wire dff_ram.\r_data [43] is used but has no driver.
Warning: Wire dff_ram.\r_data [42] is used but has no driver.
Warning: Wire dff_ram.\r_data [41] is used but has no driver.
Warning: Wire dff_ram.\r_data [40] is used but has no driver.
Warning: Wire dff_ram.\r_data [39] is used but has no driver.
Warning: Wire dff_ram.\r_data [38] is used but has no driver.
Warning: Wire dff_ram.\r_data [37] is used but has no driver.
Warning: Wire dff_ram.\r_data [36] is used but has no driver.
Warning: Wire dff_ram.\r_data [35] is used but has no driver.
Warning: Wire dff_ram.\r_data [34] is used but has no driver.
Warning: Wire dff_ram.\r_data [33] is used but has no driver.
Warning: Wire dff_ram.\r_data [32] is used but has no driver.
Warning: Wire dff_ram.\r_data [31] is used but has no driver.
Warning: Wire dff_ram.\r_data [30] is used but has no driver.
Warning: Wire dff_ram.\r_data [29] is used but has no driver.
Warning: Wire dff_ram.\r_data [28] is used but has no driver.
Warning: Wire dff_ram.\r_data [27] is used but has no driver.
Warning: Wire dff_ram.\r_data [26] is used but has no driver.
Warning: Wire dff_ram.\r_data [25] is used but has no driver.
Warning: Wire dff_ram.\r_data [24] is used but has no driver.
Warning: Wire dff_ram.\r_data [23] is used but has no driver.
Warning: Wire dff_ram.\r_data [22] is used but has no driver.
Warning: Wire dff_ram.\r_data [21] is used but has no driver.
Warning: Wire dff_ram.\r_data [20] is used but has no driver.
Warning: Wire dff_ram.\r_data [19] is used but has no driver.
Warning: Wire dff_ram.\r_data [18] is used but has no driver.
Warning: Wire dff_ram.\r_data [17] is used but has no driver.
Warning: Wire dff_ram.\r_data [16] is used but has no driver.
Warning: Wire dff_ram.\r_data [15] is used but has no driver.
Warning: Wire dff_ram.\r_data [14] is used but has no driver.
Warning: Wire dff_ram.\r_data [13] is used but has no driver.
Warning: Wire dff_ram.\r_data [12] is used but has no driver.
Warning: Wire dff_ram.\r_data [11] is used but has no driver.
Warning: Wire dff_ram.\r_data [10] is used but has no driver.
Warning: Wire dff_ram.\r_data [9] is used but has no driver.
Warning: Wire dff_ram.\r_data [8] is used but has no driver.
Warning: Wire dff_ram.\r_data [7] is used but has no driver.
Warning: Wire dff_ram.\r_data [6] is used but has no driver.
Warning: Wire dff_ram.\r_data [5] is used but has no driver.
Warning: Wire dff_ram.\r_data [4] is used but has no driver.
Warning: Wire dff_ram.\r_data [3] is used but has no driver.
Warning: Wire dff_ram.\r_data [2] is used but has no driver.
Warning: Wire dff_ram.\r_data [1] is used but has no driver.
Warning: Wire dff_ram.\r_data [0] is used but has no driver.
Found and reported 72 problems.
