
===========================================================================
report_checks -path_delay max (Setup)
============================================================================
Startpoint: addr[0] (input port clocked by clk)
Endpoint: _135_ (rising edge-triggered flip-flop clocked by clk)
Path Group: clk
Path Type: max

Fanout     Cap    Slew   Delay    Time   Description
-----------------------------------------------------------------------------
                  0.15    0.00    0.00   clock clk (rise edge)
                          0.00    0.00   clock network delay (ideal)
                          2.00    2.00 ^ input external delay
                  0.17    0.12    2.12 ^ addr[0] (in)
     9    0.04                           addr[0] (net)
                  0.17    0.00    2.12 ^ _093_/S0 (sky130_fd_sc_hd__mux4_2)
                  0.07    0.53    2.64 v _093_/X (sky130_fd_sc_hd__mux4_2)
     1    0.00                           _055_ (net)
                  0.07    0.00    2.64 v _095_/A1 (sky130_fd_sc_hd__mux2_2)
                  0.05    0.28    2.92 v _095_/X (sky130_fd_sc_hd__mux2_2)
     1    0.00                           _057_ (net)
                  0.05    0.00    2.92 v _096_/A (sky130_fd_sc_hd__buf_1)
                  0.02    0.09    3.01 v _096_/X (sky130_fd_sc_hd__buf_1)
     1    0.00                           _015_ (net)
                  0.02    0.00    3.01 v _135_/D (sky130_fd_sc_hd__dfxtp_2)
                                  3.01   data arrival time

                  0.15   10.00   10.00   clock clk (rise edge)
                          0.00   10.00   clock network delay (ideal)
                         -0.25    9.75   clock uncertainty
                          0.00    9.75   clock reconvergence pessimism
                                  9.75 ^ _135_/CLK (sky130_fd_sc_hd__dfxtp_2)
                         -0.08    9.67   library setup time
                                  9.67   data required time
-----------------------------------------------------------------------------
                                  9.67   data required time
                                 -3.01   data arrival time
-----------------------------------------------------------------------------
                                  6.67   slack (MET)


Startpoint: addr[0] (input port clocked by clk)
Endpoint: _136_ (rising edge-triggered flip-flop clocked by clk)
Path Group: clk
Path Type: max

Fanout     Cap    Slew   Delay    Time   Description
-----------------------------------------------------------------------------
                  0.15    0.00    0.00   clock clk (rise edge)
                          0.00    0.00   clock network delay (ideal)
                          2.00    2.00 ^ input external delay
                  0.17    0.12    2.12 ^ addr[0] (in)
     9    0.04                           addr[0] (net)
                  0.17    0.00    2.12 ^ _097_/S0 (sky130_fd_sc_hd__mux4_2)
                  0.07    0.53    2.64 v _097_/X (sky130_fd_sc_hd__mux4_2)
     1    0.00                           _058_ (net)
                  0.07    0.00    2.64 v _098_/A1 (sky130_fd_sc_hd__mux2_2)
                  0.05    0.28    2.92 v _098_/X (sky130_fd_sc_hd__mux2_2)
     1    0.00                           _059_ (net)
                  0.05    0.00    2.92 v _099_/A (sky130_fd_sc_hd__buf_1)
                  0.02    0.09    3.01 v _099_/X (sky130_fd_sc_hd__buf_1)
     1    0.00                           _016_ (net)
                  0.02    0.00    3.01 v _136_/D (sky130_fd_sc_hd__dfxtp_2)
                                  3.01   data arrival time

                  0.15   10.00   10.00   clock clk (rise edge)
                          0.00   10.00   clock network delay (ideal)
                         -0.25    9.75   clock uncertainty
                          0.00    9.75   clock reconvergence pessimism
                                  9.75 ^ _136_/CLK (sky130_fd_sc_hd__dfxtp_2)
                         -0.08    9.67   library setup time
                                  9.67   data required time
-----------------------------------------------------------------------------
                                  9.67   data required time
                                 -3.01   data arrival time
-----------------------------------------------------------------------------
                                  6.67   slack (MET)


Startpoint: addr[0] (input port clocked by clk)
Endpoint: _137_ (rising edge-triggered flip-flop clocked by clk)
Path Group: clk
Path Type: max

Fanout     Cap    Slew   Delay    Time   Description
-----------------------------------------------------------------------------
                  0.15    0.00    0.00   clock clk (rise edge)
                          0.00    0.00   clock network delay (ideal)
                          2.00    2.00 ^ input external delay
                  0.17    0.12    2.12 ^ addr[0] (in)
     9    0.04                           addr[0] (net)
                  0.17    0.00    2.12 ^ _100_/S0 (sky130_fd_sc_hd__mux4_2)
                  0.07    0.53    2.64 v _100_/X (sky130_fd_sc_hd__mux4_2)
     1    0.00                           _025_ (net)
                  0.07    0.00    2.64 v _101_/A1 (sky130_fd_sc_hd__mux2_2)
                  0.05    0.28    2.92 v _101_/X (sky130_fd_sc_hd__mux2_2)
     1    0.00                           _026_ (net)
                  0.05    0.00    2.92 v _102_/A (sky130_fd_sc_hd__buf_1)
                  0.02    0.09    3.01 v _102_/X (sky130_fd_sc_hd__buf_1)
     1    0.00                           _017_ (net)
                  0.02    0.00    3.01 v _137_/D (sky130_fd_sc_hd__dfxtp_2)
                                  3.01   data arrival time

                  0.15   10.00   10.00   clock clk (rise edge)
                          0.00   10.00   clock network delay (ideal)
                         -0.25    9.75   clock uncertainty
                          0.00    9.75   clock reconvergence pessimism
                                  9.75 ^ _137_/CLK (sky130_fd_sc_hd__dfxtp_2)
                         -0.08    9.67   library setup time
                                  9.67   data required time
-----------------------------------------------------------------------------
                                  9.67   data required time
                                 -3.01   data arrival time
-----------------------------------------------------------------------------
                                  6.67   slack (MET)


Startpoint: addr[0] (input port clocked by clk)
Endpoint: _138_ (rising edge-triggered flip-flop clocked by clk)
Path Group: clk
Path Type: max

Fanout     Cap    Slew   Delay    Time   Description
-----------------------------------------------------------------------------
                  0.15    0.00    0.00   clock clk (rise edge)
                          0.00    0.00   clock network delay (ideal)
                          2.00    2.00 ^ input external delay
                  0.17    0.12    2.12 ^ addr[0] (in)
     9    0.04                           addr[0] (net)
                  0.17    0.00    2.12 ^ _103_/S0 (sky130_fd_sc_hd__mux4_2)
                  0.07    0.53    2.64 v _103_/X (sky130_fd_sc_hd__mux4_2)
     1    0.00                           _027_ (net)
                  0.07    0.00    2.64 v _104_/A1 (sky130_fd_sc_hd__mux2_2)
                  0.05    0.28    2.92 v _104_/X (sky130_fd_sc_hd__mux2_2)
     1    0.00                           _028_ (net)
                  0.05    0.00    2.92 v _105_/A (sky130_fd_sc_hd__buf_1)
                  0.02    0.09    3.01 v _105_/X (sky130_fd_sc_hd__buf_1)
     1    0.00                           _018_ (net)
                  0.02    0.00    3.01 v _138_/D (sky130_fd_sc_hd__dfxtp_2)
                                  3.01   data arrival time

                  0.15   10.00   10.00   clock clk (rise edge)
                          0.00   10.00   clock network delay (ideal)
                         -0.25    9.75   clock uncertainty
                          0.00    9.75   clock reconvergence pessimism
                                  9.75 ^ _138_/CLK (sky130_fd_sc_hd__dfxtp_2)
                         -0.08    9.67   library setup time
                                  9.67   data required time
-----------------------------------------------------------------------------
                                  9.67   data required time
                                 -3.01   data arrival time
-----------------------------------------------------------------------------
                                  6.67   slack (MET)


Startpoint: addr[0] (input port clocked by clk)
Endpoint: _139_ (rising edge-triggered flip-flop clocked by clk)
Path Group: clk
Path Type: max

Fanout     Cap    Slew   Delay    Time   Description
-----------------------------------------------------------------------------
                  0.15    0.00    0.00   clock clk (rise edge)
                          0.00    0.00   clock network delay (ideal)
                          2.00    2.00 ^ input external delay
                  0.17    0.12    2.12 ^ addr[0] (in)
     9    0.04                           addr[0] (net)
                  0.17    0.00    2.12 ^ _106_/S0 (sky130_fd_sc_hd__mux4_2)
                  0.07    0.53    2.64 v _106_/X (sky130_fd_sc_hd__mux4_2)
     1    0.00                           _029_ (net)
                  0.07    0.00    2.64 v _107_/A1 (sky130_fd_sc_hd__mux2_2)
                  0.05    0.28    2.92 v _107_/X (sky130_fd_sc_hd__mux2_2)
     1    0.00                           _030_ (net)
                  0.05    0.00    2.92 v _108_/A (sky130_fd_sc_hd__buf_1)
                  0.02    0.09    3.01 v _108_/X (sky130_fd_sc_hd__buf_1)
     1    0.00                           _019_ (net)
                  0.02    0.00    3.01 v _139_/D (sky130_fd_sc_hd__dfxtp_2)
                                  3.01   data arrival time

                  0.15   10.00   10.00   clock clk (rise edge)
                          0.00   10.00   clock network delay (ideal)
                         -0.25    9.75   clock uncertainty
                          0.00    9.75   clock reconvergence pessimism
                                  9.75 ^ _139_/CLK (sky130_fd_sc_hd__dfxtp_2)
                         -0.08    9.67   library setup time
                                  9.67   data required time
-----------------------------------------------------------------------------
                                  9.67   data required time
                                 -3.01   data arrival time
-----------------------------------------------------------------------------
                                  6.67   slack (MET)


