
===========================================================================
report_checks -path_delay min (Hold)
============================================================================
Startpoint: _140_ (rising edge-triggered flip-flop clocked by clk)
Endpoint: _140_ (rising edge-triggered flip-flop clocked by clk)
Path Group: clk
Path Type: min

Fanout     Cap    Slew   Delay    Time   Description
-----------------------------------------------------------------------------
                  0.15    0.00    0.00   clock clk (rise edge)
                          0.00    0.00   clock network delay (ideal)
                  0.15    0.00    0.00 ^ _140_/CLK (sky130_fd_sc_hd__dfxtp_2)
                  0.04    0.33    0.33 ^ _140_/Q (sky130_fd_sc_hd__dfxtp_2)
     2    0.00                           mem[2][0] (net)
                  0.04    0.00    0.33 ^ _110_/A0 (sky130_fd_sc_hd__mux2_2)
                  0.03    0.12    0.45 ^ _110_/X (sky130_fd_sc_hd__mux2_2)
     1    0.00                           _030_ (net)
                  0.03    0.00    0.45 ^ _111_/A (sky130_fd_sc_hd__buf_1)
                  0.03    0.06    0.51 ^ _111_/X (sky130_fd_sc_hd__buf_1)
     1    0.00                           _020_ (net)
                  0.03    0.00    0.51 ^ _140_/D (sky130_fd_sc_hd__dfxtp_2)
                                  0.51   data arrival time

                  0.15    0.00    0.00   clock clk (rise edge)
                          0.00    0.00   clock network delay (ideal)
                          0.25    0.25   clock uncertainty
                          0.00    0.25   clock reconvergence pessimism
                                  0.25 ^ _140_/CLK (sky130_fd_sc_hd__dfxtp_2)
                         -0.01    0.24   library hold time
                                  0.24   data required time
-----------------------------------------------------------------------------
                                  0.24   data required time
                                 -0.51   data arrival time
-----------------------------------------------------------------------------
                                  0.28   slack (MET)


Startpoint: _141_ (rising edge-triggered flip-flop clocked by clk)
Endpoint: _141_ (rising edge-triggered flip-flop clocked by clk)
Path Group: clk
Path Type: min

Fanout     Cap    Slew   Delay    Time   Description
-----------------------------------------------------------------------------
                  0.15    0.00    0.00   clock clk (rise edge)
                          0.00    0.00   clock network delay (ideal)
                  0.15    0.00    0.00 ^ _141_/CLK (sky130_fd_sc_hd__dfxtp_2)
                  0.04    0.33    0.33 ^ _141_/Q (sky130_fd_sc_hd__dfxtp_2)
     2    0.00                           mem[2][1] (net)
                  0.04    0.00    0.33 ^ _112_/A0 (sky130_fd_sc_hd__mux2_2)
                  0.03    0.12    0.45 ^ _112_/X (sky130_fd_sc_hd__mux2_2)
     1    0.00                           _031_ (net)
                  0.03    0.00    0.45 ^ _113_/A (sky130_fd_sc_hd__buf_1)
                  0.03    0.06    0.51 ^ _113_/X (sky130_fd_sc_hd__buf_1)
     1    0.00                           _021_ (net)
                  0.03    0.00    0.51 ^ _141_/D (sky130_fd_sc_hd__dfxtp_2)
                                  0.51   data arrival time

                  0.15    0.00    0.00   clock clk (rise edge)
                          0.00    0.00   clock network delay (ideal)
                          0.25    0.25   clock uncertainty
                          0.00    0.25   clock reconvergence pessimism
                                  0.25 ^ _141_/CLK (sky130_fd_sc_hd__dfxtp_2)
                         -0.01    0.24   library hold time
                                  0.24   data required time
-----------------------------------------------------------------------------
                                  0.24   data required time
                                 -0.51   data arrival time
-----------------------------------------------------------------------------
                                  0.28   slack (MET)


Startpoint: _142_ (rising edge-triggered flip-flop clocked by clk)
Endpoint: _142_ (rising edge-triggered flip-flop clocked by clk)
Path Group: clk
Path Type: min

Fanout     Cap    Slew   Delay    Time   Description
-----------------------------------------------------------------------------
                  0.15    0.00    0.00   clock clk (rise edge)
                          0.00    0.00   clock network delay (ideal)
                  0.15    0.00    0.00 ^ _142_/CLK (sky130_fd_sc_hd__dfxtp_2)
                  0.04    0.33    0.33 ^ _142_/Q (sky130_fd_sc_hd__dfxtp_2)
     2    0.00                           mem[2][2] (net)
                  0.04    0.00    0.33 ^ _114_/A0 (sky130_fd_sc_hd__mux2_2)
                  0.03    0.12    0.45 ^ _114_/X (sky130_fd_sc_hd__mux2_2)
     1    0.00                           _032_ (net)
                  0.03    0.00    0.45 ^ _115_/A (sky130_fd_sc_hd__buf_1)
                  0.03    0.06    0.51 ^ _115_/X (sky130_fd_sc_hd__buf_1)
     1    0.00                           _022_ (net)
                  0.03    0.00    0.51 ^ _142_/D (sky130_fd_sc_hd__dfxtp_2)
                                  0.51   data arrival time

                  0.15    0.00    0.00   clock clk (rise edge)
                          0.00    0.00   clock network delay (ideal)
                          0.25    0.25   clock uncertainty
                          0.00    0.25   clock reconvergence pessimism
                                  0.25 ^ _142_/CLK (sky130_fd_sc_hd__dfxtp_2)
                         -0.01    0.24   library hold time
                                  0.24   data required time
-----------------------------------------------------------------------------
                                  0.24   data required time
                                 -0.51   data arrival time
-----------------------------------------------------------------------------
                                  0.28   slack (MET)


Startpoint: _143_ (rising edge-triggered flip-flop clocked by clk)
Endpoint: _143_ (rising edge-triggered flip-flop clocked by clk)
Path Group: clk
Path Type: min

Fanout     Cap    Slew   Delay    Time   Description
-----------------------------------------------------------------------------
                  0.15    0.00    0.00   clock clk (rise edge)
                          0.00    0.00   clock network delay (ideal)
                  0.15    0.00    0.00 ^ _143_/CLK (sky130_fd_sc_hd__dfxtp_2)
                  0.04    0.33    0.33 ^ _143_/Q (sky130_fd_sc_hd__dfxtp_2)
     2    0.00                           mem[2][3] (net)
                  0.04    0.00    0.33 ^ _116_/A0 (sky130_fd_sc_hd__mux2_2)
                  0.03    0.12    0.45 ^ _116_/X (sky130_fd_sc_hd__mux2_2)
     1    0.00                           _033_ (net)
                  0.03    0.00    0.45 ^ _117_/A (sky130_fd_sc_hd__buf_1)
                  0.03    0.06    0.51 ^ _117_/X (sky130_fd_sc_hd__buf_1)
     1    0.00                           _023_ (net)
                  0.03    0.00    0.51 ^ _143_/D (sky130_fd_sc_hd__dfxtp_2)
                                  0.51   data arrival time

                  0.15    0.00    0.00   clock clk (rise edge)
                          0.00    0.00   clock network delay (ideal)
                          0.25    0.25   clock uncertainty
                          0.00    0.25   clock reconvergence pessimism
                                  0.25 ^ _143_/CLK (sky130_fd_sc_hd__dfxtp_2)
                         -0.01    0.24   library hold time
                                  0.24   data required time
-----------------------------------------------------------------------------
                                  0.24   data required time
                                 -0.51   data arrival time
-----------------------------------------------------------------------------
                                  0.28   slack (MET)


Startpoint: _144_ (rising edge-triggered flip-flop clocked by clk)
Endpoint: _144_ (rising edge-triggered flip-flop clocked by clk)
Path Group: clk
Path Type: min

Fanout     Cap    Slew   Delay    Time   Description
-----------------------------------------------------------------------------
                  0.15    0.00    0.00   clock clk (rise edge)
                          0.00    0.00   clock network delay (ideal)
                  0.15    0.00    0.00 ^ _144_/CLK (sky130_fd_sc_hd__dfxtp_2)
                  0.04    0.33    0.33 ^ _144_/Q (sky130_fd_sc_hd__dfxtp_2)
     2    0.00                           mem[2][4] (net)
                  0.04    0.00    0.33 ^ _118_/A0 (sky130_fd_sc_hd__mux2_2)
                  0.03    0.12    0.45 ^ _118_/X (sky130_fd_sc_hd__mux2_2)
     1    0.00                           _034_ (net)
                  0.03    0.00    0.45 ^ _119_/A (sky130_fd_sc_hd__buf_1)
                  0.03    0.06    0.51 ^ _119_/X (sky130_fd_sc_hd__buf_1)
     1    0.00                           _024_ (net)
                  0.03    0.00    0.51 ^ _144_/D (sky130_fd_sc_hd__dfxtp_2)
                                  0.51   data arrival time

                  0.15    0.00    0.00   clock clk (rise edge)
                          0.00    0.00   clock network delay (ideal)
                          0.25    0.25   clock uncertainty
                          0.00    0.25   clock reconvergence pessimism
                                  0.25 ^ _144_/CLK (sky130_fd_sc_hd__dfxtp_2)
                         -0.01    0.24   library hold time
                                  0.24   data required time
-----------------------------------------------------------------------------
                                  0.24   data required time
                                 -0.51   data arrival time
-----------------------------------------------------------------------------
                                  0.28   slack (MET)


